-- The C compiler identification is GNU 13.3.0
-- The CXX compiler identification is GNU 13.3.0
-- Detecting C compiler ABI info
-- Detecting C compiler ABI info - done
-- Check for working C compiler: /usr/bin/cc - skipped
-- Detecting C compile features
-- Detecting C compile features - done
-- Detecting CXX compiler ABI info
-- Detecting CXX compiler ABI info - done
-- Check for working CXX compiler: /usr/bin/c++ - skipped
-- Detecting CXX compile features
-- Detecting CXX compile features - done
-- Found ament_cmake: 2.7.2 (/opt/ros/rolling/share/ament_cmake/cmake)
-- Found Python3: /usr/bin/python3 (found version "3.12.3") found components: Interpreter 
-- Override CMake install command with custom implementation using symlinks instead of copying resources
-- Configuring done (0.7s)
-- Generating done (0.0s)
-- Build files have been written to: /home/nbf2/ros_odrive/odrive_botwheel_explorer/build/odrive_botwheel_explorer
-- Install configuration: ""
-- Execute custom install script
-- Symlinking: /home/nbf2/ros_odrive/odrive_botwheel_explorer/install/odrive_botwheel_explorer/share/odrive_botwheel_explorer/urdf/diffbot.ros2_control.xacro
-- Symlinking: /home/nbf2/ros_odrive/odrive_botwheel_explorer/install/odrive_botwheel_explorer/share/odrive_botwheel_explorer/urdf/diffbot.urdf.xacro
-- Symlinking: /home/nbf2/ros_odrive/odrive_botwheel_explorer/install/odrive_botwheel_explorer/share/odrive_botwheel_explorer/urdf/diffbot_description.urdf.xacro
-- Symlinking: /home/nbf2/ros_odrive/odrive_botwheel_explorer/install/odrive_botwheel_explorer/share/odrive_botwheel_explorer/config/diffbot_controllers.yaml
-- Symlinking: /home/nbf2/ros_odrive/odrive_botwheel_explorer/install/odrive_botwheel_explorer/share/odrive_botwheel_explorer/launch/botwheel_explorer.launch.py
-- Symlinking: /home/nbf2/ros_odrive/odrive_botwheel_explorer/install/odrive_botwheel_explorer/share/ament_index/resource_index/package_run_dependencies/odrive_botwheel_explorer
-- Symlinking: /home/nbf2/ros_odrive/odrive_botwheel_explorer/install/odrive_botwheel_explorer/share/ament_index/resource_index/parent_prefix_path/odrive_botwheel_explorer
-- Symlinking: /home/nbf2/ros_odrive/odrive_botwheel_explorer/install/odrive_botwheel_explorer/share/odrive_botwheel_explorer/environment/ament_prefix_path.sh
-- Symlinking: /home/nbf2/ros_odrive/odrive_botwheel_explorer/install/odrive_botwheel_explorer/share/odrive_botwheel_explorer/environment/ament_prefix_path.dsv
-- Symlinking: /home/nbf2/ros_odrive/odrive_botwheel_explorer/install/odrive_botwheel_explorer/share/odrive_botwheel_explorer/environment/path.sh
-- Symlinking: /home/nbf2/ros_odrive/odrive_botwheel_explorer/install/odrive_botwheel_explorer/share/odrive_botwheel_explorer/environment/path.dsv
-- Symlinking: /home/nbf2/ros_odrive/odrive_botwheel_explorer/install/odrive_botwheel_explorer/share/odrive_botwheel_explorer/local_setup.bash
-- Symlinking: /home/nbf2/ros_odrive/odrive_botwheel_explorer/install/odrive_botwheel_explorer/share/odrive_botwheel_explorer/local_setup.sh
-- Symlinking: /home/nbf2/ros_odrive/odrive_botwheel_explorer/install/odrive_botwheel_explorer/share/odrive_botwheel_explorer/local_setup.zsh
-- Symlinking: /home/nbf2/ros_odrive/odrive_botwheel_explorer/install/odrive_botwheel_explorer/share/odrive_botwheel_explorer/local_setup.dsv
-- Symlinking: /home/nbf2/ros_odrive/odrive_botwheel_explorer/install/odrive_botwheel_explorer/share/odrive_botwheel_explorer/package.dsv
-- Symlinking: /home/nbf2/ros_odrive/odrive_botwheel_explorer/install/odrive_botwheel_explorer/share/ament_index/resource_index/packages/odrive_botwheel_explorer
-- Symlinking: /home/nbf2/ros_odrive/odrive_botwheel_explorer/install/odrive_botwheel_explorer/share/odrive_botwheel_explorer/cmake/odrive_botwheel_explorerConfig.cmake
-- Symlinking: /home/nbf2/ros_odrive/odrive_botwheel_explorer/install/odrive_botwheel_explorer/share/odrive_botwheel_explorer/cmake/odrive_botwheel_explorerConfig-version.cmake
-- Symlinking: /home/nbf2/ros_odrive/odrive_botwheel_explorer/install/odrive_botwheel_explorer/share/odrive_botwheel_explorer/package.xml
