-- The C compiler identification is GNU 13.3.0
-- The CXX compiler identification is GNU 13.3.0
-- Detecting C compiler ABI info
-- Detecting C compiler ABI info - done
-- Check for working C compiler: /usr/bin/cc - skipped
-- Detecting C compile features
-- Detecting C compile features - done
-- Detecting CXX compiler ABI info
-- Detecting CXX compiler ABI info - done
-- Check for working CXX compiler: /usr/bin/c++ - skipped
-- Detecting CXX compile features
-- Detecting CXX compile features - done
-- Found ament_cmake: 2.7.2 (/opt/ros/rolling/share/ament_cmake/cmake)
-- Found Python3: /usr/bin/python3 (found version "3.12.3") found components: Interpreter 
-- Found rclcpp: 29.3.0 (/opt/ros/rolling/share/rclcpp/cmake)
-- Found rosidl_generator_c: 4.9.3 (/opt/ros/rolling/share/rosidl_generator_c/cmake)
-- Found rosidl_generator_cpp: 4.9.3 (/opt/ros/rolling/share/rosidl_generator_cpp/cmake)
-- Using all available rosidl_typesupport_c: rosidl_typesupport_fastrtps_c;rosidl_typesupport_introspection_c
-- Using all available rosidl_typesupport_cpp: rosidl_typesupport_fastrtps_cpp;rosidl_typesupport_introspection_cpp
-- Found rmw_implementation_cmake: 7.8.1 (/opt/ros/rolling/share/rmw_implementation_cmake/cmake)
-- Found rmw_fastrtps_cpp: 9.3.1 (/opt/ros/rolling/share/rmw_fastrtps_cpp/cmake)
-- Found OpenSSL: /usr/lib/x86_64-linux-gnu/libcrypto.so (found version "3.0.13")  
-- Using RMW implementation 'rmw_fastrtps_cpp' as default
-- Found pluginlib: 5.6.0 (/opt/ros/rolling/share/pluginlib/cmake)
-- Found ament_cmake_auto: 2.7.2 (/opt/ros/rolling/share/ament_cmake_auto/cmake)
-- Configuring done (1.0s)
-- Generating done (0.0s)
-- Build files have been written to: /home/nbf2/ros_odrive/odrive_ros2_control/build/odrive_ros2_control
[ 50%] [32mBuilding CXX object CMakeFiles/odrive_ros2_control_plugin.dir/src/odrive_hardware_interface.cpp.o[0m
[ 50%] [32mBuilding CXX object CMakeFiles/odrive_ros2_control_plugin.dir/home/nbf2/ros_odrive/odrive_base/src/socket_can.cpp.o[0m
[ 75%] [32mBuilding CXX object CMakeFiles/odrive_ros2_control_plugin.dir/home/nbf2/ros_odrive/odrive_base/src/epoll_event_loop.cpp.o[0m
[01m[K/home/nbf2/ros_odrive/odrive_ros2_control/src/odrive_hardware_interface.cpp:4:10:[m[K [01;31m[Kfatal error: [m[Khardware_interface/system_interface.hpp: No such file or directory
    4 | #include [01;31m[K"hardware_interface/system_interface.hpp"[m[K
      |          [01;31m[K^~~~~~~~~~~~~~~~~~~~~~~~~~~~~~~~~~~~~~~~~[m[K
compilation terminated.
gmake[2]: *** [CMakeFiles/odrive_ros2_control_plugin.dir/build.make:104: CMakeFiles/odrive_ros2_control_plugin.dir/src/odrive_hardware_interface.cpp.o] Error 1
gmake[2]: *** Waiting for unfinished jobs....
gmake[1]: *** [CMakeFiles/Makefile2:137: CMakeFiles/odrive_ros2_control_plugin.dir/all] Error 2
gmake: *** [Makefile:146: all] Error 2
