[0.007s] Invoking command in '/home/nbf2/ros_odrive/odrive_ros2_control/build/odrive_ros2_control': CMAKE_PREFIX_PATH=${CMAKE_PREFIX_PATH}:/home/nbf2/youbot_ws/install/youbot:/opt/ros/rolling DEBUGINFOD_URLS=https://debuginfod.ubuntu.com /usr/bin/cmake /home/nbf2/ros_odrive/odrive_ros2_control -DCMAKE_INSTALL_PREFIX=/home/nbf2/ros_odrive/odrive_ros2_control/install/odrive_ros2_control
[0.071s] -- The C compiler identification is GNU 13.3.0
[0.134s] -- The CXX compiler identification is GNU 13.3.0
[0.155s] -- Detecting C compiler ABI info
[0.262s] -- Detecting C compiler ABI info - done
[0.272s] -- Check for working C compiler: /usr/bin/cc - skipped
[0.272s] -- Detecting C compile features
[0.273s] -- Detecting C compile features - done
[0.285s] -- Detecting CXX compiler ABI info
[0.397s] -- Detecting CXX compiler ABI info - done
[0.410s] -- Check for working CXX compiler: /usr/bin/c++ - skipped
[0.410s] -- Detecting CXX compile features
[0.410s] -- Detecting CXX compile features - done
[0.413s] -- Found ament_cmake: 2.7.2 (/opt/ros/rolling/share/ament_cmake/cmake)
[0.563s] -- Found Python3: /usr/bin/python3 (found version "3.12.3") found components: Interpreter 
[0.644s] -- Found rclcpp: 29.3.0 (/opt/ros/rolling/share/rclcpp/cmake)
[0.674s] -- Found rosidl_generator_c: 4.9.3 (/opt/ros/rolling/share/rosidl_generator_c/cmake)
[0.682s] -- Found rosidl_generator_cpp: 4.9.3 (/opt/ros/rolling/share/rosidl_generator_cpp/cmake)
[0.692s] -- Using all available rosidl_typesupport_c: rosidl_typesupport_fastrtps_c;rosidl_typesupport_introspection_c
[0.704s] -- Using all available rosidl_typesupport_cpp: rosidl_typesupport_fastrtps_cpp;rosidl_typesupport_introspection_cpp
[0.756s] -- Found rmw_implementation_cmake: 7.8.1 (/opt/ros/rolling/share/rmw_implementation_cmake/cmake)
[0.758s] -- Found rmw_fastrtps_cpp: 9.3.1 (/opt/ros/rolling/share/rmw_fastrtps_cpp/cmake)
[0.840s] -- Found OpenSSL: /usr/lib/x86_64-linux-gnu/libcrypto.so (found version "3.0.13")  
[0.857s] -- Using RMW implementation 'rmw_fastrtps_cpp' as default
[0.914s] -- Found pluginlib: 5.6.0 (/opt/ros/rolling/share/pluginlib/cmake)
[0.921s] -- Found ament_cmake_auto: 2.7.2 (/opt/ros/rolling/share/ament_cmake_auto/cmake)
[0.992s] -- Configuring done (1.0s)
[0.997s] -- Generating done (0.0s)
[1.000s] -- Build files have been written to: /home/nbf2/ros_odrive/odrive_ros2_control/build/odrive_ros2_control
[1.008s] Invoked command in '/home/nbf2/ros_odrive/odrive_ros2_control/build/odrive_ros2_control' returned '0': CMAKE_PREFIX_PATH=${CMAKE_PREFIX_PATH}:/home/nbf2/youbot_ws/install/youbot:/opt/ros/rolling DEBUGINFOD_URLS=https://debuginfod.ubuntu.com /usr/bin/cmake /home/nbf2/ros_odrive/odrive_ros2_control -DCMAKE_INSTALL_PREFIX=/home/nbf2/ros_odrive/odrive_ros2_control/install/odrive_ros2_control
[1.008s] Invoking command in '/home/nbf2/ros_odrive/odrive_ros2_control/build/odrive_ros2_control': CMAKE_PREFIX_PATH=${CMAKE_PREFIX_PATH}:/home/nbf2/youbot_ws/install/youbot:/opt/ros/rolling DEBUGINFOD_URLS=https://debuginfod.ubuntu.com /usr/bin/cmake --build /home/nbf2/ros_odrive/odrive_ros2_control/build/odrive_ros2_control -- -j12 -l12
[1.061s] [ 50%] [32mBuilding CXX object CMakeFiles/odrive_ros2_control_plugin.dir/src/odrive_hardware_interface.cpp.o[0m
[1.062s] [ 50%] [32mBuilding CXX object CMakeFiles/odrive_ros2_control_plugin.dir/home/nbf2/ros_odrive/odrive_base/src/socket_can.cpp.o[0m
[1.063s] [ 75%] [32mBuilding CXX object CMakeFiles/odrive_ros2_control_plugin.dir/home/nbf2/ros_odrive/odrive_base/src/epoll_event_loop.cpp.o[0m
[1.076s] [01m[K/home/nbf2/ros_odrive/odrive_ros2_control/src/odrive_hardware_interface.cpp:4:10:[m[K [01;31m[Kfatal error: [m[Khardware_interface/system_interface.hpp: No such file or directory
[1.076s]     4 | #include [01;31m[K"hardware_interface/system_interface.hpp"[m[K
[1.076s]       |          [01;31m[K^~~~~~~~~~~~~~~~~~~~~~~~~~~~~~~~~~~~~~~~~[m[K
[1.076s] compilation terminated.
[1.077s] gmake[2]: *** [CMakeFiles/odrive_ros2_control_plugin.dir/build.make:104: CMakeFiles/odrive_ros2_control_plugin.dir/src/odrive_hardware_interface.cpp.o] Error 1
[1.077s] gmake[2]: *** Waiting for unfinished jobs....
[1.420s] gmake[1]: *** [CMakeFiles/Makefile2:137: CMakeFiles/odrive_ros2_control_plugin.dir/all] Error 2
[1.420s] gmake: *** [Makefile:146: all] Error 2
[1.423s] Invoked command in '/home/nbf2/ros_odrive/odrive_ros2_control/build/odrive_ros2_control' returned '2': CMAKE_PREFIX_PATH=${CMAKE_PREFIX_PATH}:/home/nbf2/youbot_ws/install/youbot:/opt/ros/rolling DEBUGINFOD_URLS=https://debuginfod.ubuntu.com /usr/bin/cmake --build /home/nbf2/ros_odrive/odrive_ros2_control/build/odrive_ros2_control -- -j12 -l12
