[0.073s] DEBUG:colcon:Command line arguments: ['/usr/bin/colcon', 'build', '--symlink-install', '--allow-overriding', 'odrive_ros2_control']
[0.073s] DEBUG:colcon:Parsed command line arguments: Namespace(log_base=None, log_level=None, verb_name='build', build_base='build', install_base='install', merge_install=False, symlink_install=True, test_result_base=None, continue_on_error=False, executor='parallel', parallel_workers=12, event_handlers=None, ignore_user_meta=False, metas=['./colcon.meta'], base_paths=['.'], packages_ignore=None, packages_ignore_regex=None, paths=None, packages_up_to=None, packages_up_to_regex=None, packages_above=None, packages_above_and_dependencies=None, packages_above_depth=None, packages_select_by_dep=None, packages_skip_by_dep=None, packages_skip_up_to=None, packages_select_build_failed=False, packages_skip_build_finished=False, packages_select_test_failures=False, packages_skip_test_passed=False, packages_select=None, packages_skip=None, packages_select_regex=None, packages_skip_regex=None, packages_start=None, packages_end=None, allow_overriding=['odrive_ros2_control'], cmake_args=None, cmake_target=None, cmake_target_skip_unavailable=False, cmake_clean_cache=False, cmake_clean_first=False, cmake_force_configure=False, ament_cmake_args=None, catkin_cmake_args=None, catkin_skip_building_tests=False, mixin_files=None, mixin=None, verb_parser=<colcon_mixin.mixin.mixin_argument.MixinArgumentDecorator object at 0x7a73a77a99d0>, verb_extension=<colcon_core.verb.build.BuildVerb object at 0x7a73a77333e0>, main=<bound method BuildVerb.main of <colcon_core.verb.build.BuildVerb object at 0x7a73a77333e0>>, mixin_verb=('build',))
[0.100s] Level 1:colcon.colcon_core.package_discovery:discover_packages(colcon_meta) check parameters
[0.100s] Level 1:colcon.colcon_core.package_discovery:discover_packages(recursive) check parameters
[0.100s] Level 1:colcon.colcon_core.package_discovery:discover_packages(ignore) check parameters
[0.100s] Level 1:colcon.colcon_core.package_discovery:discover_packages(path) check parameters
[0.100s] Level 1:colcon.colcon_core.package_discovery:discover_packages(colcon_meta) discover
[0.100s] Level 1:colcon.colcon_core.package_discovery:discover_packages(recursive) discover
[0.100s] INFO:colcon.colcon_core.package_discovery:Crawling recursively for packages in '/home/nbf2/yb_ros_odrive/odrive_ros2_control'
[0.100s] Level 1:colcon.colcon_core.package_identification:_identify(.) by extensions ['ignore', 'ignore_ament_install']
[0.100s] Level 1:colcon.colcon_core.package_identification:_identify(.) by extension 'ignore'
[0.100s] Level 1:colcon.colcon_core.package_identification:_identify(.) by extension 'ignore_ament_install'
[0.100s] Level 1:colcon.colcon_core.package_identification:_identify(.) by extensions ['colcon_pkg']
[0.100s] Level 1:colcon.colcon_core.package_identification:_identify(.) by extension 'colcon_pkg'
[0.100s] Level 1:colcon.colcon_core.package_identification:_identify(.) by extensions ['colcon_meta']
[0.100s] Level 1:colcon.colcon_core.package_identification:_identify(.) by extension 'colcon_meta'
[0.100s] Level 1:colcon.colcon_core.package_identification:_identify(.) by extensions ['ros']
[0.100s] Level 1:colcon.colcon_core.package_identification:_identify(.) by extension 'ros'
[0.120s] DEBUG:colcon.colcon_core.package_identification:Package '.' with type 'ros.ament_cmake' and name 'odrive_ros2_control'
[0.120s] Level 1:colcon.colcon_core.package_discovery:discover_packages(recursive) using defaults
[0.120s] Level 1:colcon.colcon_core.package_discovery:discover_packages(ignore) discover
[0.120s] Level 1:colcon.colcon_core.package_discovery:discover_packages(ignore) using defaults
[0.120s] Level 1:colcon.colcon_core.package_discovery:discover_packages(path) discover
[0.120s] Level 1:colcon.colcon_core.package_discovery:discover_packages(path) using defaults
[0.132s] Level 1:colcon.colcon_core.package_discovery:discover_packages(prefix_path) check parameters
[0.132s] Level 1:colcon.colcon_core.package_discovery:discover_packages(prefix_path) discover
[0.133s] DEBUG:colcon.colcon_installed_package_information.package_discovery:Found 3 installed packages in /home/nbf2/ros_odrive/install
[0.133s] DEBUG:colcon.colcon_installed_package_information.package_discovery:Found 1 installed packages in /home/nbf2/youbot_ws/install
[0.134s] DEBUG:colcon.colcon_installed_package_information.package_discovery:Found 1 installed packages in /home/nbf2/yb_mecanum_drive_controller/install
[0.134s] DEBUG:colcon.colcon_installed_package_information.package_discovery:Found 1 installed packages in /home/nbf2/ros2_control_demos/example_8/install
[0.134s] DEBUG:colcon.colcon_installed_package_information.package_discovery:Found 1 installed packages in /home/nbf2/ros2_control_demos/example_3/install
[0.134s] DEBUG:colcon.colcon_installed_package_information.package_discovery:Found 1 installed packages in /home/nbf2/ros2_control_demos/ros2_control_demo_description/install
[0.134s] DEBUG:colcon.colcon_installed_package_information.package_discovery:Found 1 installed packages in /home/nbf2/ros2_control_demos/example_12/install
[0.134s] DEBUG:colcon.colcon_installed_package_information.package_discovery:Found 1 installed packages in /home/nbf2/twist_stamper/install
[0.135s] DEBUG:colcon.colcon_installed_package_information.package_discovery:Found 1 installed packages in /home/nbf2/articubot_one/install
[0.136s] DEBUG:colcon.colcon_installed_package_information.package_discovery:Found 370 installed packages in /opt/ros/rolling
[0.136s] Level 1:colcon.colcon_core.package_discovery:discover_packages(prefix_path) using defaults
[0.167s] Level 5:colcon.colcon_core.verb:set package 'odrive_ros2_control' build argument 'cmake_args' from command line to 'None'
[0.167s] Level 5:colcon.colcon_core.verb:set package 'odrive_ros2_control' build argument 'cmake_target' from command line to 'None'
[0.167s] Level 5:colcon.colcon_core.verb:set package 'odrive_ros2_control' build argument 'cmake_target_skip_unavailable' from command line to 'False'
[0.167s] Level 5:colcon.colcon_core.verb:set package 'odrive_ros2_control' build argument 'cmake_clean_cache' from command line to 'False'
[0.167s] Level 5:colcon.colcon_core.verb:set package 'odrive_ros2_control' build argument 'cmake_clean_first' from command line to 'False'
[0.167s] Level 5:colcon.colcon_core.verb:set package 'odrive_ros2_control' build argument 'cmake_force_configure' from command line to 'False'
[0.167s] Level 5:colcon.colcon_core.verb:set package 'odrive_ros2_control' build argument 'ament_cmake_args' from command line to 'None'
[0.167s] Level 5:colcon.colcon_core.verb:set package 'odrive_ros2_control' build argument 'catkin_cmake_args' from command line to 'None'
[0.167s] Level 5:colcon.colcon_core.verb:set package 'odrive_ros2_control' build argument 'catkin_skip_building_tests' from command line to 'False'
[0.167s] DEBUG:colcon.colcon_core.verb:Building package 'odrive_ros2_control' with the following arguments: {'ament_cmake_args': None, 'build_base': '/home/nbf2/yb_ros_odrive/odrive_ros2_control/build/odrive_ros2_control', 'catkin_cmake_args': None, 'catkin_skip_building_tests': False, 'cmake_args': None, 'cmake_clean_cache': False, 'cmake_clean_first': False, 'cmake_force_configure': False, 'cmake_target': None, 'cmake_target_skip_unavailable': False, 'install_base': '/home/nbf2/yb_ros_odrive/odrive_ros2_control/install/odrive_ros2_control', 'merge_install': False, 'path': '/home/nbf2/yb_ros_odrive/odrive_ros2_control', 'symlink_install': True, 'test_result_base': None}
[0.167s] INFO:colcon.colcon_core.executor:Executing jobs using 'parallel' executor
[0.168s] DEBUG:colcon.colcon_parallel_executor.executor.parallel:run_until_complete
[0.168s] INFO:colcon.colcon_ros.task.ament_cmake.build:Building ROS package in '/home/nbf2/yb_ros_odrive/odrive_ros2_control' with build type 'ament_cmake'
[0.168s] INFO:colcon.colcon_cmake.task.cmake.build:Building CMake package in '/home/nbf2/yb_ros_odrive/odrive_ros2_control'
[0.169s] INFO:colcon.colcon_core.plugin_system:Skipping extension 'colcon_core.shell.bat': Not used on non-Windows systems
[0.170s] INFO:colcon.colcon_core.shell:Skip shell extension 'powershell' for command environment: Not usable outside of PowerShell
[0.170s] DEBUG:colcon.colcon_core.shell:Skip shell extension 'dsv' for command environment
[0.179s] DEBUG:colcon.colcon_core.event_handler.log_command:Invoking command in '/home/nbf2/yb_ros_odrive/odrive_ros2_control/build/odrive_ros2_control': CMAKE_PREFIX_PATH=${CMAKE_PREFIX_PATH}:/home/nbf2/youbot_ws/install/youbot:/home/nbf2/twist_stamper/install/twist_stamper:/opt/ros/rolling DEBUGINFOD_URLS=https://debuginfod.ubuntu.com /usr/bin/cmake /home/nbf2/yb_ros_odrive/odrive_ros2_control -DAMENT_CMAKE_SYMLINK_INSTALL=1 -DCMAKE_INSTALL_PREFIX=/home/nbf2/yb_ros_odrive/odrive_ros2_control/install/odrive_ros2_control
[2.340s] DEBUG:colcon.colcon_core.event_handler.log_command:Invoked command in '/home/nbf2/yb_ros_odrive/odrive_ros2_control/build/odrive_ros2_control' returned '0': CMAKE_PREFIX_PATH=${CMAKE_PREFIX_PATH}:/home/nbf2/youbot_ws/install/youbot:/home/nbf2/twist_stamper/install/twist_stamper:/opt/ros/rolling DEBUGINFOD_URLS=https://debuginfod.ubuntu.com /usr/bin/cmake /home/nbf2/yb_ros_odrive/odrive_ros2_control -DAMENT_CMAKE_SYMLINK_INSTALL=1 -DCMAKE_INSTALL_PREFIX=/home/nbf2/yb_ros_odrive/odrive_ros2_control/install/odrive_ros2_control
[2.342s] DEBUG:colcon.colcon_core.event_handler.log_command:Invoking command in '/home/nbf2/yb_ros_odrive/odrive_ros2_control/build/odrive_ros2_control': CMAKE_PREFIX_PATH=${CMAKE_PREFIX_PATH}:/home/nbf2/youbot_ws/install/youbot:/home/nbf2/twist_stamper/install/twist_stamper:/opt/ros/rolling DEBUGINFOD_URLS=https://debuginfod.ubuntu.com /usr/bin/cmake --build /home/nbf2/yb_ros_odrive/odrive_ros2_control/build/odrive_ros2_control -- -j12 -l12
[7.299s] DEBUG:colcon.colcon_core.event_handler.log_command:Invoked command in '/home/nbf2/yb_ros_odrive/odrive_ros2_control/build/odrive_ros2_control' returned '0': CMAKE_PREFIX_PATH=${CMAKE_PREFIX_PATH}:/home/nbf2/youbot_ws/install/youbot:/home/nbf2/twist_stamper/install/twist_stamper:/opt/ros/rolling DEBUGINFOD_URLS=https://debuginfod.ubuntu.com /usr/bin/cmake --build /home/nbf2/yb_ros_odrive/odrive_ros2_control/build/odrive_ros2_control -- -j12 -l12
[7.314s] DEBUG:colcon.colcon_core.event_handler.log_command:Invoking command in '/home/nbf2/yb_ros_odrive/odrive_ros2_control/build/odrive_ros2_control': CMAKE_PREFIX_PATH=${CMAKE_PREFIX_PATH}:/home/nbf2/youbot_ws/install/youbot:/home/nbf2/twist_stamper/install/twist_stamper:/opt/ros/rolling DEBUGINFOD_URLS=https://debuginfod.ubuntu.com /usr/bin/cmake --install /home/nbf2/yb_ros_odrive/odrive_ros2_control/build/odrive_ros2_control
[7.600s] Level 1:colcon.colcon_core.environment:create_environment_scripts_only(odrive_ros2_control)
[7.601s] DEBUG:colcon.colcon_core.event_handler.log_command:Invoked command in '/home/nbf2/yb_ros_odrive/odrive_ros2_control/build/odrive_ros2_control' returned '0': CMAKE_PREFIX_PATH=${CMAKE_PREFIX_PATH}:/home/nbf2/youbot_ws/install/youbot:/home/nbf2/twist_stamper/install/twist_stamper:/opt/ros/rolling DEBUGINFOD_URLS=https://debuginfod.ubuntu.com /usr/bin/cmake --install /home/nbf2/yb_ros_odrive/odrive_ros2_control/build/odrive_ros2_control
[7.604s] Level 1:colcon.colcon_core.environment:checking '/home/nbf2/yb_ros_odrive/odrive_ros2_control/install/odrive_ros2_control' for CMake module files
[7.604s] Level 1:colcon.colcon_core.environment:checking '/home/nbf2/yb_ros_odrive/odrive_ros2_control/install/odrive_ros2_control' for CMake config files
[7.605s] Level 1:colcon.colcon_core.shell:create_environment_hook('odrive_ros2_control', 'cmake_prefix_path')
[7.605s] INFO:colcon.colcon_core.shell:Creating environment hook '/home/nbf2/yb_ros_odrive/odrive_ros2_control/install/odrive_ros2_control/share/odrive_ros2_control/hook/cmake_prefix_path.ps1'
[7.606s] INFO:colcon.colcon_core.shell:Creating environment descriptor '/home/nbf2/yb_ros_odrive/odrive_ros2_control/install/odrive_ros2_control/share/odrive_ros2_control/hook/cmake_prefix_path.dsv'
[7.606s] INFO:colcon.colcon_core.shell:Creating environment hook '/home/nbf2/yb_ros_odrive/odrive_ros2_control/install/odrive_ros2_control/share/odrive_ros2_control/hook/cmake_prefix_path.sh'
[7.607s] Level 1:colcon.colcon_core.environment:checking '/home/nbf2/yb_ros_odrive/odrive_ros2_control/install/odrive_ros2_control/lib'
[7.607s] Level 1:colcon.colcon_core.shell:create_environment_hook('odrive_ros2_control', 'ld_library_path_lib')
[7.607s] INFO:colcon.colcon_core.shell:Creating environment hook '/home/nbf2/yb_ros_odrive/odrive_ros2_control/install/odrive_ros2_control/share/odrive_ros2_control/hook/ld_library_path_lib.ps1'
[7.607s] INFO:colcon.colcon_core.shell:Creating environment descriptor '/home/nbf2/yb_ros_odrive/odrive_ros2_control/install/odrive_ros2_control/share/odrive_ros2_control/hook/ld_library_path_lib.dsv'
[7.607s] INFO:colcon.colcon_core.shell:Creating environment hook '/home/nbf2/yb_ros_odrive/odrive_ros2_control/install/odrive_ros2_control/share/odrive_ros2_control/hook/ld_library_path_lib.sh'
[7.607s] Level 1:colcon.colcon_core.environment:checking '/home/nbf2/yb_ros_odrive/odrive_ros2_control/install/odrive_ros2_control/bin'
[7.607s] Level 1:colcon.colcon_core.environment:checking '/home/nbf2/yb_ros_odrive/odrive_ros2_control/install/odrive_ros2_control/lib/pkgconfig/odrive_ros2_control.pc'
[7.608s] Level 1:colcon.colcon_core.environment:checking '/home/nbf2/yb_ros_odrive/odrive_ros2_control/install/odrive_ros2_control/lib/python3.12/site-packages'
[7.608s] Level 1:colcon.colcon_core.environment:checking '/home/nbf2/yb_ros_odrive/odrive_ros2_control/install/odrive_ros2_control/bin'
[7.608s] INFO:colcon.colcon_core.shell:Creating package script '/home/nbf2/yb_ros_odrive/odrive_ros2_control/install/odrive_ros2_control/share/odrive_ros2_control/package.ps1'
[7.608s] INFO:colcon.colcon_core.shell:Creating package descriptor '/home/nbf2/yb_ros_odrive/odrive_ros2_control/install/odrive_ros2_control/share/odrive_ros2_control/package.dsv'
[7.609s] INFO:colcon.colcon_core.shell:Creating package script '/home/nbf2/yb_ros_odrive/odrive_ros2_control/install/odrive_ros2_control/share/odrive_ros2_control/package.sh'
[7.609s] INFO:colcon.colcon_core.shell:Creating package script '/home/nbf2/yb_ros_odrive/odrive_ros2_control/install/odrive_ros2_control/share/odrive_ros2_control/package.bash'
[7.609s] INFO:colcon.colcon_core.shell:Creating package script '/home/nbf2/yb_ros_odrive/odrive_ros2_control/install/odrive_ros2_control/share/odrive_ros2_control/package.zsh'
[7.610s] Level 1:colcon.colcon_core.environment:create_file_with_runtime_dependencies(/home/nbf2/yb_ros_odrive/odrive_ros2_control/install/odrive_ros2_control/share/colcon-core/packages/odrive_ros2_control)
[7.610s] Level 1:colcon.colcon_core.environment:create_environment_scripts_only(odrive_ros2_control)
[7.610s] Level 1:colcon.colcon_core.environment:checking '/home/nbf2/yb_ros_odrive/odrive_ros2_control/install/odrive_ros2_control' for CMake module files
[7.611s] Level 1:colcon.colcon_core.environment:checking '/home/nbf2/yb_ros_odrive/odrive_ros2_control/install/odrive_ros2_control' for CMake config files
[7.611s] Level 1:colcon.colcon_core.shell:create_environment_hook('odrive_ros2_control', 'cmake_prefix_path')
[7.611s] INFO:colcon.colcon_core.shell:Creating environment hook '/home/nbf2/yb_ros_odrive/odrive_ros2_control/install/odrive_ros2_control/share/odrive_ros2_control/hook/cmake_prefix_path.ps1'
[7.612s] INFO:colcon.colcon_core.shell:Creating environment descriptor '/home/nbf2/yb_ros_odrive/odrive_ros2_control/install/odrive_ros2_control/share/odrive_ros2_control/hook/cmake_prefix_path.dsv'
[7.613s] INFO:colcon.colcon_core.shell:Creating environment hook '/home/nbf2/yb_ros_odrive/odrive_ros2_control/install/odrive_ros2_control/share/odrive_ros2_control/hook/cmake_prefix_path.sh'
[7.614s] Level 1:colcon.colcon_core.environment:checking '/home/nbf2/yb_ros_odrive/odrive_ros2_control/install/odrive_ros2_control/lib'
[7.615s] Level 1:colcon.colcon_core.shell:create_environment_hook('odrive_ros2_control', 'ld_library_path_lib')
[7.615s] INFO:colcon.colcon_core.shell:Creating environment hook '/home/nbf2/yb_ros_odrive/odrive_ros2_control/install/odrive_ros2_control/share/odrive_ros2_control/hook/ld_library_path_lib.ps1'
[7.616s] INFO:colcon.colcon_core.shell:Creating environment descriptor '/home/nbf2/yb_ros_odrive/odrive_ros2_control/install/odrive_ros2_control/share/odrive_ros2_control/hook/ld_library_path_lib.dsv'
[7.617s] INFO:colcon.colcon_core.shell:Creating environment hook '/home/nbf2/yb_ros_odrive/odrive_ros2_control/install/odrive_ros2_control/share/odrive_ros2_control/hook/ld_library_path_lib.sh'
[7.618s] Level 1:colcon.colcon_core.environment:checking '/home/nbf2/yb_ros_odrive/odrive_ros2_control/install/odrive_ros2_control/bin'
[7.618s] Level 1:colcon.colcon_core.environment:checking '/home/nbf2/yb_ros_odrive/odrive_ros2_control/install/odrive_ros2_control/lib/pkgconfig/odrive_ros2_control.pc'
[7.619s] Level 1:colcon.colcon_core.environment:checking '/home/nbf2/yb_ros_odrive/odrive_ros2_control/install/odrive_ros2_control/lib/python3.12/site-packages'
[7.619s] Level 1:colcon.colcon_core.environment:checking '/home/nbf2/yb_ros_odrive/odrive_ros2_control/install/odrive_ros2_control/bin'
[7.620s] INFO:colcon.colcon_core.shell:Creating package script '/home/nbf2/yb_ros_odrive/odrive_ros2_control/install/odrive_ros2_control/share/odrive_ros2_control/package.ps1'
[7.622s] INFO:colcon.colcon_core.shell:Creating package descriptor '/home/nbf2/yb_ros_odrive/odrive_ros2_control/install/odrive_ros2_control/share/odrive_ros2_control/package.dsv'
[7.623s] INFO:colcon.colcon_core.shell:Creating package script '/home/nbf2/yb_ros_odrive/odrive_ros2_control/install/odrive_ros2_control/share/odrive_ros2_control/package.sh'
[7.624s] INFO:colcon.colcon_core.shell:Creating package script '/home/nbf2/yb_ros_odrive/odrive_ros2_control/install/odrive_ros2_control/share/odrive_ros2_control/package.bash'
[7.625s] INFO:colcon.colcon_core.shell:Creating package script '/home/nbf2/yb_ros_odrive/odrive_ros2_control/install/odrive_ros2_control/share/odrive_ros2_control/package.zsh'
[7.626s] Level 1:colcon.colcon_core.environment:create_file_with_runtime_dependencies(/home/nbf2/yb_ros_odrive/odrive_ros2_control/install/odrive_ros2_control/share/colcon-core/packages/odrive_ros2_control)
[7.626s] DEBUG:colcon.colcon_parallel_executor.executor.parallel:closing loop
[7.627s] DEBUG:colcon.colcon_parallel_executor.executor.parallel:loop closed
[7.627s] DEBUG:colcon.colcon_parallel_executor.executor.parallel:run_until_complete finished with '0'
[7.627s] DEBUG:colcon.colcon_core.event_reactor:joining thread
[7.636s] INFO:colcon.colcon_core.plugin_system:Skipping extension 'colcon_notification.desktop_notification.terminal_notifier': Not used on non-Darwin systems
[7.636s] INFO:colcon.colcon_core.plugin_system:Skipping extension 'colcon_notification.desktop_notification.win32': Not used on non-Windows systems
[7.636s] INFO:colcon.colcon_notification.desktop_notification:Sending desktop notification using 'notify2'
[7.659s] DEBUG:colcon.colcon_core.event_reactor:joined thread
[7.659s] INFO:colcon.colcon_core.shell:Creating prefix script '/home/nbf2/yb_ros_odrive/odrive_ros2_control/install/local_setup.ps1'
[7.660s] INFO:colcon.colcon_core.shell:Creating prefix util module '/home/nbf2/yb_ros_odrive/odrive_ros2_control/install/_local_setup_util_ps1.py'
[7.661s] INFO:colcon.colcon_core.shell:Creating prefix chain script '/home/nbf2/yb_ros_odrive/odrive_ros2_control/install/setup.ps1'
[7.664s] INFO:colcon.colcon_core.shell:Creating prefix script '/home/nbf2/yb_ros_odrive/odrive_ros2_control/install/local_setup.sh'
[7.664s] INFO:colcon.colcon_core.shell:Creating prefix util module '/home/nbf2/yb_ros_odrive/odrive_ros2_control/install/_local_setup_util_sh.py'
[7.665s] INFO:colcon.colcon_core.shell:Creating prefix chain script '/home/nbf2/yb_ros_odrive/odrive_ros2_control/install/setup.sh'
[7.668s] INFO:colcon.colcon_core.shell:Creating prefix script '/home/nbf2/yb_ros_odrive/odrive_ros2_control/install/local_setup.bash'
[7.668s] INFO:colcon.colcon_core.shell:Creating prefix chain script '/home/nbf2/yb_ros_odrive/odrive_ros2_control/install/setup.bash'
[7.670s] INFO:colcon.colcon_core.shell:Creating prefix script '/home/nbf2/yb_ros_odrive/odrive_ros2_control/install/local_setup.zsh'
[7.671s] INFO:colcon.colcon_core.shell:Creating prefix chain script '/home/nbf2/yb_ros_odrive/odrive_ros2_control/install/setup.zsh'
