[0.067s] DEBUG:colcon:Command line arguments: ['/usr/bin/colcon', 'build']
[0.067s] DEBUG:colcon:Parsed command line arguments: Namespace(log_base=None, log_level=None, verb_name='build', build_base='build', install_base='install', merge_install=False, symlink_install=False, test_result_base=None, continue_on_error=False, executor='parallel', parallel_workers=12, event_handlers=None, ignore_user_meta=False, metas=['./colcon.meta'], base_paths=['.'], packages_ignore=None, packages_ignore_regex=None, paths=None, packages_up_to=None, packages_up_to_regex=None, packages_above=None, packages_above_and_dependencies=None, packages_above_depth=None, packages_select_by_dep=None, packages_skip_by_dep=None, packages_skip_up_to=None, packages_select_build_failed=False, packages_skip_build_finished=False, packages_select_test_failures=False, packages_skip_test_passed=False, packages_select=None, packages_skip=None, packages_select_regex=None, packages_skip_regex=None, packages_start=None, packages_end=None, allow_overriding=[], cmake_args=None, cmake_target=None, cmake_target_skip_unavailable=False, cmake_clean_cache=False, cmake_clean_first=False, cmake_force_configure=False, ament_cmake_args=None, catkin_cmake_args=None, catkin_skip_building_tests=False, mixin_files=None, mixin=None, verb_parser=<colcon_mixin.mixin.mixin_argument.MixinArgumentDecorator object at 0x76da87a82870>, verb_extension=<colcon_core.verb.build.BuildVerb object at 0x76da87b25490>, main=<bound method BuildVerb.main of <colcon_core.verb.build.BuildVerb object at 0x76da87b25490>>, mixin_verb=('build',))
[0.092s] Level 1:colcon.colcon_core.package_discovery:discover_packages(colcon_meta) check parameters
[0.092s] Level 1:colcon.colcon_core.package_discovery:discover_packages(recursive) check parameters
[0.092s] Level 1:colcon.colcon_core.package_discovery:discover_packages(ignore) check parameters
[0.092s] Level 1:colcon.colcon_core.package_discovery:discover_packages(path) check parameters
[0.092s] Level 1:colcon.colcon_core.package_discovery:discover_packages(colcon_meta) discover
[0.093s] Level 1:colcon.colcon_core.package_discovery:discover_packages(recursive) discover
[0.093s] INFO:colcon.colcon_core.package_discovery:Crawling recursively for packages in '/home/nbf2/ros_odrive/odrive_ros2_control'
[0.093s] Level 1:colcon.colcon_core.package_identification:_identify(.) by extensions ['ignore', 'ignore_ament_install']
[0.093s] Level 1:colcon.colcon_core.package_identification:_identify(.) by extension 'ignore'
[0.093s] Level 1:colcon.colcon_core.package_identification:_identify(.) by extension 'ignore_ament_install'
[0.093s] Level 1:colcon.colcon_core.package_identification:_identify(.) by extensions ['colcon_pkg']
[0.093s] Level 1:colcon.colcon_core.package_identification:_identify(.) by extension 'colcon_pkg'
[0.093s] Level 1:colcon.colcon_core.package_identification:_identify(.) by extensions ['colcon_meta']
[0.093s] Level 1:colcon.colcon_core.package_identification:_identify(.) by extension 'colcon_meta'
[0.093s] Level 1:colcon.colcon_core.package_identification:_identify(.) by extensions ['ros']
[0.093s] Level 1:colcon.colcon_core.package_identification:_identify(.) by extension 'ros'
[0.112s] DEBUG:colcon.colcon_core.package_identification:Package '.' with type 'ros.ament_cmake' and name 'odrive_ros2_control'
[0.112s] Level 1:colcon.colcon_core.package_discovery:discover_packages(recursive) using defaults
[0.112s] Level 1:colcon.colcon_core.package_discovery:discover_packages(ignore) discover
[0.112s] Level 1:colcon.colcon_core.package_discovery:discover_packages(ignore) using defaults
[0.112s] Level 1:colcon.colcon_core.package_discovery:discover_packages(path) discover
[0.112s] Level 1:colcon.colcon_core.package_discovery:discover_packages(path) using defaults
[0.124s] Level 1:colcon.colcon_core.package_discovery:discover_packages(prefix_path) check parameters
[0.124s] Level 1:colcon.colcon_core.package_discovery:discover_packages(prefix_path) discover
[0.125s] DEBUG:colcon.colcon_installed_package_information.package_discovery:Found 1 installed packages in /home/nbf2/youbot_ws/install
[0.126s] DEBUG:colcon.colcon_installed_package_information.package_discovery:Found 286 installed packages in /opt/ros/rolling
[0.126s] Level 1:colcon.colcon_core.package_discovery:discover_packages(prefix_path) using defaults
[0.149s] Level 5:colcon.colcon_core.verb:set package 'odrive_ros2_control' build argument 'cmake_args' from command line to 'None'
[0.150s] Level 5:colcon.colcon_core.verb:set package 'odrive_ros2_control' build argument 'cmake_target' from command line to 'None'
[0.150s] Level 5:colcon.colcon_core.verb:set package 'odrive_ros2_control' build argument 'cmake_target_skip_unavailable' from command line to 'False'
[0.150s] Level 5:colcon.colcon_core.verb:set package 'odrive_ros2_control' build argument 'cmake_clean_cache' from command line to 'False'
[0.150s] Level 5:colcon.colcon_core.verb:set package 'odrive_ros2_control' build argument 'cmake_clean_first' from command line to 'False'
[0.150s] Level 5:colcon.colcon_core.verb:set package 'odrive_ros2_control' build argument 'cmake_force_configure' from command line to 'False'
[0.150s] Level 5:colcon.colcon_core.verb:set package 'odrive_ros2_control' build argument 'ament_cmake_args' from command line to 'None'
[0.150s] Level 5:colcon.colcon_core.verb:set package 'odrive_ros2_control' build argument 'catkin_cmake_args' from command line to 'None'
[0.150s] Level 5:colcon.colcon_core.verb:set package 'odrive_ros2_control' build argument 'catkin_skip_building_tests' from command line to 'False'
[0.150s] DEBUG:colcon.colcon_core.verb:Building package 'odrive_ros2_control' with the following arguments: {'ament_cmake_args': None, 'build_base': '/home/nbf2/ros_odrive/odrive_ros2_control/build/odrive_ros2_control', 'catkin_cmake_args': None, 'catkin_skip_building_tests': False, 'cmake_args': None, 'cmake_clean_cache': False, 'cmake_clean_first': False, 'cmake_force_configure': False, 'cmake_target': None, 'cmake_target_skip_unavailable': False, 'install_base': '/home/nbf2/ros_odrive/odrive_ros2_control/install/odrive_ros2_control', 'merge_install': False, 'path': '/home/nbf2/ros_odrive/odrive_ros2_control', 'symlink_install': False, 'test_result_base': None}
[0.150s] INFO:colcon.colcon_core.executor:Executing jobs using 'parallel' executor
[0.150s] DEBUG:colcon.colcon_parallel_executor.executor.parallel:run_until_complete
[0.151s] INFO:colcon.colcon_ros.task.ament_cmake.build:Building ROS package in '/home/nbf2/ros_odrive/odrive_ros2_control' with build type 'ament_cmake'
[0.151s] INFO:colcon.colcon_cmake.task.cmake.build:Building CMake package in '/home/nbf2/ros_odrive/odrive_ros2_control'
[0.152s] INFO:colcon.colcon_core.plugin_system:Skipping extension 'colcon_core.shell.bat': Not used on non-Windows systems
[0.152s] INFO:colcon.colcon_core.shell:Skip shell extension 'powershell' for command environment: Not usable outside of PowerShell
[0.152s] DEBUG:colcon.colcon_core.shell:Skip shell extension 'dsv' for command environment
[0.158s] DEBUG:colcon.colcon_core.event_handler.log_command:Invoking command in '/home/nbf2/ros_odrive/odrive_ros2_control/build/odrive_ros2_control': CMAKE_PREFIX_PATH=${CMAKE_PREFIX_PATH}:/home/nbf2/youbot_ws/install/youbot:/opt/ros/rolling DEBUGINFOD_URLS=https://debuginfod.ubuntu.com /usr/bin/cmake /home/nbf2/ros_odrive/odrive_ros2_control -DCMAKE_INSTALL_PREFIX=/home/nbf2/ros_odrive/odrive_ros2_control/install/odrive_ros2_control
[1.159s] DEBUG:colcon.colcon_core.event_handler.log_command:Invoked command in '/home/nbf2/ros_odrive/odrive_ros2_control/build/odrive_ros2_control' returned '0': CMAKE_PREFIX_PATH=${CMAKE_PREFIX_PATH}:/home/nbf2/youbot_ws/install/youbot:/opt/ros/rolling DEBUGINFOD_URLS=https://debuginfod.ubuntu.com /usr/bin/cmake /home/nbf2/ros_odrive/odrive_ros2_control -DCMAKE_INSTALL_PREFIX=/home/nbf2/ros_odrive/odrive_ros2_control/install/odrive_ros2_control
[1.159s] DEBUG:colcon.colcon_core.event_handler.log_command:Invoking command in '/home/nbf2/ros_odrive/odrive_ros2_control/build/odrive_ros2_control': CMAKE_PREFIX_PATH=${CMAKE_PREFIX_PATH}:/home/nbf2/youbot_ws/install/youbot:/opt/ros/rolling DEBUGINFOD_URLS=https://debuginfod.ubuntu.com /usr/bin/cmake --build /home/nbf2/ros_odrive/odrive_ros2_control/build/odrive_ros2_control -- -j12 -l12
[1.574s] DEBUG:colcon.colcon_core.event_handler.log_command:Invoked command in '/home/nbf2/ros_odrive/odrive_ros2_control/build/odrive_ros2_control' returned '2': CMAKE_PREFIX_PATH=${CMAKE_PREFIX_PATH}:/home/nbf2/youbot_ws/install/youbot:/opt/ros/rolling DEBUGINFOD_URLS=https://debuginfod.ubuntu.com /usr/bin/cmake --build /home/nbf2/ros_odrive/odrive_ros2_control/build/odrive_ros2_control -- -j12 -l12
[1.574s] Level 1:colcon.colcon_core.environment:create_environment_scripts_only(odrive_ros2_control)
[1.577s] Level 1:colcon.colcon_core.environment:checking '/home/nbf2/ros_odrive/odrive_ros2_control/install/odrive_ros2_control' for CMake module files
[1.577s] Level 1:colcon.colcon_core.environment:checking '/home/nbf2/ros_odrive/odrive_ros2_control/install/odrive_ros2_control' for CMake config files
[1.577s] Level 1:colcon.colcon_core.environment:checking '/home/nbf2/ros_odrive/odrive_ros2_control/install/odrive_ros2_control/bin'
[1.577s] Level 1:colcon.colcon_core.environment:checking '/home/nbf2/ros_odrive/odrive_ros2_control/install/odrive_ros2_control/lib/pkgconfig/odrive_ros2_control.pc'
[1.577s] Level 1:colcon.colcon_core.environment:checking '/home/nbf2/ros_odrive/odrive_ros2_control/install/odrive_ros2_control/lib/python3.12/site-packages'
[1.578s] Level 1:colcon.colcon_core.environment:checking '/home/nbf2/ros_odrive/odrive_ros2_control/install/odrive_ros2_control/bin'
[1.578s] INFO:colcon.colcon_core.shell:Creating package script '/home/nbf2/ros_odrive/odrive_ros2_control/install/odrive_ros2_control/share/odrive_ros2_control/package.ps1'
[1.578s] INFO:colcon.colcon_core.shell:Creating package descriptor '/home/nbf2/ros_odrive/odrive_ros2_control/install/odrive_ros2_control/share/odrive_ros2_control/package.dsv'
[1.578s] INFO:colcon.colcon_core.shell:Creating package script '/home/nbf2/ros_odrive/odrive_ros2_control/install/odrive_ros2_control/share/odrive_ros2_control/package.sh'
[1.579s] INFO:colcon.colcon_core.shell:Creating package script '/home/nbf2/ros_odrive/odrive_ros2_control/install/odrive_ros2_control/share/odrive_ros2_control/package.bash'
[1.579s] INFO:colcon.colcon_core.shell:Creating package script '/home/nbf2/ros_odrive/odrive_ros2_control/install/odrive_ros2_control/share/odrive_ros2_control/package.zsh'
[1.579s] Level 1:colcon.colcon_core.environment:create_file_with_runtime_dependencies(/home/nbf2/ros_odrive/odrive_ros2_control/install/odrive_ros2_control/share/colcon-core/packages/odrive_ros2_control)
[1.590s] DEBUG:colcon.colcon_parallel_executor.executor.parallel:closing loop
[1.590s] DEBUG:colcon.colcon_parallel_executor.executor.parallel:loop closed
[1.590s] DEBUG:colcon.colcon_parallel_executor.executor.parallel:run_until_complete finished with '2'
[1.590s] DEBUG:colcon.colcon_core.event_reactor:joining thread
[1.597s] INFO:colcon.colcon_core.plugin_system:Skipping extension 'colcon_notification.desktop_notification.terminal_notifier': Not used on non-Darwin systems
[1.597s] INFO:colcon.colcon_core.plugin_system:Skipping extension 'colcon_notification.desktop_notification.win32': Not used on non-Windows systems
[1.597s] INFO:colcon.colcon_notification.desktop_notification:Sending desktop notification using 'notify2'
[1.619s] DEBUG:colcon.colcon_core.event_reactor:joined thread
[1.620s] INFO:colcon.colcon_core.shell:Creating prefix script '/home/nbf2/ros_odrive/odrive_ros2_control/install/local_setup.ps1'
[1.621s] INFO:colcon.colcon_core.shell:Creating prefix util module '/home/nbf2/ros_odrive/odrive_ros2_control/install/_local_setup_util_ps1.py'
[1.622s] INFO:colcon.colcon_core.shell:Creating prefix chain script '/home/nbf2/ros_odrive/odrive_ros2_control/install/setup.ps1'
[1.623s] INFO:colcon.colcon_core.shell:Creating prefix script '/home/nbf2/ros_odrive/odrive_ros2_control/install/local_setup.sh'
[1.624s] INFO:colcon.colcon_core.shell:Creating prefix util module '/home/nbf2/ros_odrive/odrive_ros2_control/install/_local_setup_util_sh.py'
[1.625s] INFO:colcon.colcon_core.shell:Creating prefix chain script '/home/nbf2/ros_odrive/odrive_ros2_control/install/setup.sh'
[1.626s] INFO:colcon.colcon_core.shell:Creating prefix script '/home/nbf2/ros_odrive/odrive_ros2_control/install/local_setup.bash'
[1.626s] INFO:colcon.colcon_core.shell:Creating prefix chain script '/home/nbf2/ros_odrive/odrive_ros2_control/install/setup.bash'
[1.627s] INFO:colcon.colcon_core.shell:Creating prefix script '/home/nbf2/ros_odrive/odrive_ros2_control/install/local_setup.zsh'
[1.628s] INFO:colcon.colcon_core.shell:Creating prefix chain script '/home/nbf2/ros_odrive/odrive_ros2_control/install/setup.zsh'
