[0.071s] DEBUG:colcon:Command line arguments: ['/usr/bin/colcon', 'build', '--symlink-install']
[0.071s] DEBUG:colcon:Parsed command line arguments: Namespace(log_base=None, log_level=None, verb_name='build', build_base='build', install_base='install', merge_install=False, symlink_install=True, test_result_base=None, continue_on_error=False, executor='parallel', parallel_workers=12, event_handlers=None, ignore_user_meta=False, metas=['./colcon.meta'], base_paths=['.'], packages_ignore=None, packages_ignore_regex=None, paths=None, packages_up_to=None, packages_up_to_regex=None, packages_above=None, packages_above_and_dependencies=None, packages_above_depth=None, packages_select_by_dep=None, packages_skip_by_dep=None, packages_skip_up_to=None, packages_select_build_failed=False, packages_skip_build_finished=False, packages_select_test_failures=False, packages_skip_test_passed=False, packages_select=None, packages_skip=None, packages_select_regex=None, packages_skip_regex=None, packages_start=None, packages_end=None, allow_overriding=[], cmake_args=None, cmake_target=None, cmake_target_skip_unavailable=False, cmake_clean_cache=False, cmake_clean_first=False, cmake_force_configure=False, ament_cmake_args=None, catkin_cmake_args=None, catkin_skip_building_tests=False, mixin_files=None, mixin=None, verb_parser=<colcon_mixin.mixin.mixin_argument.MixinArgumentDecorator object at 0x797c340ad640>, verb_extension=<colcon_core.verb.build.BuildVerb object at 0x797c3403b230>, main=<bound method BuildVerb.main of <colcon_core.verb.build.BuildVerb object at 0x797c3403b230>>, mixin_verb=('build',))
[0.101s] Level 1:colcon.colcon_core.package_discovery:discover_packages(colcon_meta) check parameters
[0.102s] Level 1:colcon.colcon_core.package_discovery:discover_packages(recursive) check parameters
[0.102s] Level 1:colcon.colcon_core.package_discovery:discover_packages(ignore) check parameters
[0.102s] Level 1:colcon.colcon_core.package_discovery:discover_packages(path) check parameters
[0.102s] Level 1:colcon.colcon_core.package_discovery:discover_packages(colcon_meta) discover
[0.102s] Level 1:colcon.colcon_core.package_discovery:discover_packages(recursive) discover
[0.102s] INFO:colcon.colcon_core.package_discovery:Crawling recursively for packages in '/home/nbf2/ros_odrive/odrive_ros2_control'
[0.102s] Level 1:colcon.colcon_core.package_identification:_identify(.) by extensions ['ignore', 'ignore_ament_install']
[0.102s] Level 1:colcon.colcon_core.package_identification:_identify(.) by extension 'ignore'
[0.102s] Level 1:colcon.colcon_core.package_identification:_identify(.) by extension 'ignore_ament_install'
[0.102s] Level 1:colcon.colcon_core.package_identification:_identify(.) by extensions ['colcon_pkg']
[0.103s] Level 1:colcon.colcon_core.package_identification:_identify(.) by extension 'colcon_pkg'
[0.103s] Level 1:colcon.colcon_core.package_identification:_identify(.) by extensions ['colcon_meta']
[0.103s] Level 1:colcon.colcon_core.package_identification:_identify(.) by extension 'colcon_meta'
[0.103s] Level 1:colcon.colcon_core.package_identification:_identify(.) by extensions ['ros']
[0.103s] Level 1:colcon.colcon_core.package_identification:_identify(.) by extension 'ros'
[0.126s] DEBUG:colcon.colcon_core.package_identification:Package '.' with type 'ros.ament_cmake' and name 'odrive_ros2_control'
[0.126s] Level 1:colcon.colcon_core.package_discovery:discover_packages(recursive) using defaults
[0.126s] Level 1:colcon.colcon_core.package_discovery:discover_packages(ignore) discover
[0.126s] Level 1:colcon.colcon_core.package_discovery:discover_packages(ignore) using defaults
[0.126s] Level 1:colcon.colcon_core.package_discovery:discover_packages(path) discover
[0.126s] Level 1:colcon.colcon_core.package_discovery:discover_packages(path) using defaults
[0.138s] Level 1:colcon.colcon_core.package_discovery:discover_packages(prefix_path) check parameters
[0.138s] Level 1:colcon.colcon_core.package_discovery:discover_packages(prefix_path) discover
[0.139s] DEBUG:colcon.colcon_installed_package_information.package_discovery:Found 1 installed packages in /home/nbf2/ros2_control_demos/example_12/install
[0.140s] DEBUG:colcon.colcon_installed_package_information.package_discovery:Found 3 installed packages in /home/nbf2/ros_odrive/install
[0.140s] DEBUG:colcon.colcon_installed_package_information.package_discovery:Found 1 installed packages in /home/nbf2/youbot_ws/install
[0.140s] DEBUG:colcon.colcon_installed_package_information.package_discovery:Found 1 installed packages in /home/nbf2/twist_stamper/install
[0.140s] DEBUG:colcon.colcon_installed_package_information.package_discovery:Found 1 installed packages in /home/nbf2/articubot_one/install
[0.141s] DEBUG:colcon.colcon_installed_package_information.package_discovery:Found 370 installed packages in /opt/ros/rolling
[0.142s] Level 1:colcon.colcon_core.package_discovery:discover_packages(prefix_path) using defaults
[0.188s] WARNING:colcon.colcon_core.package_selection:Some selected packages are already built in one or more underlay workspaces:
	'odrive_ros2_control' is in: /home/nbf2/ros_odrive/install/odrive_ros2_control
If a package in a merged underlay workspace is overridden and it installs headers, then all packages in the overlay must sort their include directories by workspace order. Failure to do so may result in build failures or undefined behavior at run time.
If the overridden package is used by another package in any underlay, then the overriding package in the overlay must be API and ABI compatible or undefined behavior at run time may occur.

If you understand the risks and want to override a package anyways, add the following to the command line:
	--allow-overriding odrive_ros2_control

This may be promoted to an error in a future release of colcon-override-check.
[0.188s] Level 5:colcon.colcon_core.verb:set package 'odrive_ros2_control' build argument 'cmake_args' from command line to 'None'
[0.188s] Level 5:colcon.colcon_core.verb:set package 'odrive_ros2_control' build argument 'cmake_target' from command line to 'None'
[0.189s] Level 5:colcon.colcon_core.verb:set package 'odrive_ros2_control' build argument 'cmake_target_skip_unavailable' from command line to 'False'
[0.189s] Level 5:colcon.colcon_core.verb:set package 'odrive_ros2_control' build argument 'cmake_clean_cache' from command line to 'False'
[0.189s] Level 5:colcon.colcon_core.verb:set package 'odrive_ros2_control' build argument 'cmake_clean_first' from command line to 'False'
[0.189s] Level 5:colcon.colcon_core.verb:set package 'odrive_ros2_control' build argument 'cmake_force_configure' from command line to 'False'
[0.189s] Level 5:colcon.colcon_core.verb:set package 'odrive_ros2_control' build argument 'ament_cmake_args' from command line to 'None'
[0.189s] Level 5:colcon.colcon_core.verb:set package 'odrive_ros2_control' build argument 'catkin_cmake_args' from command line to 'None'
[0.189s] Level 5:colcon.colcon_core.verb:set package 'odrive_ros2_control' build argument 'catkin_skip_building_tests' from command line to 'False'
[0.189s] DEBUG:colcon.colcon_core.verb:Building package 'odrive_ros2_control' with the following arguments: {'ament_cmake_args': None, 'build_base': '/home/nbf2/ros_odrive/odrive_ros2_control/build/odrive_ros2_control', 'catkin_cmake_args': None, 'catkin_skip_building_tests': False, 'cmake_args': None, 'cmake_clean_cache': False, 'cmake_clean_first': False, 'cmake_force_configure': False, 'cmake_target': None, 'cmake_target_skip_unavailable': False, 'install_base': '/home/nbf2/ros_odrive/odrive_ros2_control/install/odrive_ros2_control', 'merge_install': False, 'path': '/home/nbf2/ros_odrive/odrive_ros2_control', 'symlink_install': True, 'test_result_base': None}
[0.189s] INFO:colcon.colcon_core.executor:Executing jobs using 'parallel' executor
[0.190s] DEBUG:colcon.colcon_parallel_executor.executor.parallel:run_until_complete
[0.190s] INFO:colcon.colcon_ros.task.ament_cmake.build:Building ROS package in '/home/nbf2/ros_odrive/odrive_ros2_control' with build type 'ament_cmake'
[0.190s] INFO:colcon.colcon_cmake.task.cmake.build:Building CMake package in '/home/nbf2/ros_odrive/odrive_ros2_control'
[0.193s] INFO:colcon.colcon_core.plugin_system:Skipping extension 'colcon_core.shell.bat': Not used on non-Windows systems
[0.193s] INFO:colcon.colcon_core.shell:Skip shell extension 'powershell' for command environment: Not usable outside of PowerShell
[0.193s] DEBUG:colcon.colcon_core.shell:Skip shell extension 'dsv' for command environment
[0.206s] DEBUG:colcon.colcon_core.event_handler.log_command:Invoking command in '/home/nbf2/ros_odrive/odrive_ros2_control/build/odrive_ros2_control': CMAKE_PREFIX_PATH=${CMAKE_PREFIX_PATH}:/home/nbf2/youbot_ws/install/youbot:/home/nbf2/twist_stamper/install/twist_stamper:/opt/ros/rolling DEBUGINFOD_URLS=https://debuginfod.ubuntu.com /usr/bin/cmake --build /home/nbf2/ros_odrive/odrive_ros2_control/build/odrive_ros2_control -- -j12 -l12
[3.694s] DEBUG:colcon.colcon_core.event_handler.log_command:Invoked command in '/home/nbf2/ros_odrive/odrive_ros2_control/build/odrive_ros2_control' returned '2': CMAKE_PREFIX_PATH=${CMAKE_PREFIX_PATH}:/home/nbf2/youbot_ws/install/youbot:/home/nbf2/twist_stamper/install/twist_stamper:/opt/ros/rolling DEBUGINFOD_URLS=https://debuginfod.ubuntu.com /usr/bin/cmake --build /home/nbf2/ros_odrive/odrive_ros2_control/build/odrive_ros2_control -- -j12 -l12
[3.694s] Level 1:colcon.colcon_core.environment:create_environment_scripts_only(odrive_ros2_control)
[3.698s] Level 1:colcon.colcon_core.environment:checking '/home/nbf2/ros_odrive/odrive_ros2_control/install/odrive_ros2_control' for CMake module files
[3.698s] Level 1:colcon.colcon_core.environment:checking '/home/nbf2/ros_odrive/odrive_ros2_control/install/odrive_ros2_control' for CMake config files
[3.699s] Level 1:colcon.colcon_core.environment:checking '/home/nbf2/ros_odrive/odrive_ros2_control/install/odrive_ros2_control/bin'
[3.699s] Level 1:colcon.colcon_core.environment:checking '/home/nbf2/ros_odrive/odrive_ros2_control/install/odrive_ros2_control/lib/pkgconfig/odrive_ros2_control.pc'
[3.699s] Level 1:colcon.colcon_core.environment:checking '/home/nbf2/ros_odrive/odrive_ros2_control/install/odrive_ros2_control/lib/python3.12/site-packages'
[3.699s] Level 1:colcon.colcon_core.environment:checking '/home/nbf2/ros_odrive/odrive_ros2_control/install/odrive_ros2_control/bin'
[3.700s] INFO:colcon.colcon_core.shell:Creating package script '/home/nbf2/ros_odrive/odrive_ros2_control/install/odrive_ros2_control/share/odrive_ros2_control/package.ps1'
[3.701s] INFO:colcon.colcon_core.shell:Creating package descriptor '/home/nbf2/ros_odrive/odrive_ros2_control/install/odrive_ros2_control/share/odrive_ros2_control/package.dsv'
[3.701s] INFO:colcon.colcon_core.shell:Creating package script '/home/nbf2/ros_odrive/odrive_ros2_control/install/odrive_ros2_control/share/odrive_ros2_control/package.sh'
[3.702s] INFO:colcon.colcon_core.shell:Creating package script '/home/nbf2/ros_odrive/odrive_ros2_control/install/odrive_ros2_control/share/odrive_ros2_control/package.bash'
[3.703s] INFO:colcon.colcon_core.shell:Creating package script '/home/nbf2/ros_odrive/odrive_ros2_control/install/odrive_ros2_control/share/odrive_ros2_control/package.zsh'
[3.704s] Level 1:colcon.colcon_core.environment:create_file_with_runtime_dependencies(/home/nbf2/ros_odrive/odrive_ros2_control/install/odrive_ros2_control/share/colcon-core/packages/odrive_ros2_control)
[3.714s] DEBUG:colcon.colcon_parallel_executor.executor.parallel:closing loop
[3.715s] DEBUG:colcon.colcon_parallel_executor.executor.parallel:loop closed
[3.715s] DEBUG:colcon.colcon_parallel_executor.executor.parallel:run_until_complete finished with '2'
[3.715s] DEBUG:colcon.colcon_core.event_reactor:joining thread
[3.724s] INFO:colcon.colcon_core.plugin_system:Skipping extension 'colcon_notification.desktop_notification.terminal_notifier': Not used on non-Darwin systems
[3.724s] INFO:colcon.colcon_core.plugin_system:Skipping extension 'colcon_notification.desktop_notification.win32': Not used on non-Windows systems
[3.724s] INFO:colcon.colcon_notification.desktop_notification:Sending desktop notification using 'notify2'
[3.745s] DEBUG:colcon.colcon_core.event_reactor:joined thread
[3.745s] INFO:colcon.colcon_core.shell:Creating prefix script '/home/nbf2/ros_odrive/odrive_ros2_control/install/local_setup.ps1'
[3.747s] INFO:colcon.colcon_core.shell:Creating prefix util module '/home/nbf2/ros_odrive/odrive_ros2_control/install/_local_setup_util_ps1.py'
[3.749s] INFO:colcon.colcon_core.shell:Creating prefix chain script '/home/nbf2/ros_odrive/odrive_ros2_control/install/setup.ps1'
[3.751s] INFO:colcon.colcon_core.shell:Creating prefix script '/home/nbf2/ros_odrive/odrive_ros2_control/install/local_setup.sh'
[3.752s] INFO:colcon.colcon_core.shell:Creating prefix util module '/home/nbf2/ros_odrive/odrive_ros2_control/install/_local_setup_util_sh.py'
[3.753s] INFO:colcon.colcon_core.shell:Creating prefix chain script '/home/nbf2/ros_odrive/odrive_ros2_control/install/setup.sh'
[3.754s] INFO:colcon.colcon_core.shell:Creating prefix script '/home/nbf2/ros_odrive/odrive_ros2_control/install/local_setup.bash'
[3.754s] INFO:colcon.colcon_core.shell:Creating prefix chain script '/home/nbf2/ros_odrive/odrive_ros2_control/install/setup.bash'
[3.755s] INFO:colcon.colcon_core.shell:Creating prefix script '/home/nbf2/ros_odrive/odrive_ros2_control/install/local_setup.zsh'
[3.756s] INFO:colcon.colcon_core.shell:Creating prefix chain script '/home/nbf2/ros_odrive/odrive_ros2_control/install/setup.zsh'
