-- The C compiler identification is GNU 13.3.0
-- The CXX compiler identification is GNU 13.3.0
-- Detecting C compiler ABI info
-- Detecting C compiler ABI info - done
-- Check for working C compiler: /usr/bin/cc - skipped
-- Detecting C compile features
-- Detecting C compile features - done
-- Detecting CXX compiler ABI info
-- Detecting CXX compiler ABI info - done
-- Check for working CXX compiler: /usr/bin/c++ - skipped
-- Detecting CXX compile features
-- Detecting CXX compile features - done
-- Found ament_cmake: 2.7.2 (/opt/ros/rolling/share/ament_cmake/cmake)
-- Found Python3: /usr/bin/python3 (found version "3.12.3") found components: Interpreter 
-- Override CMake install command with custom implementation using symlinks instead of copying resources
-- Found rclcpp: 29.3.0 (/opt/ros/rolling/share/rclcpp/cmake)
-- Found rosidl_generator_c: 4.9.3 (/opt/ros/rolling/share/rosidl_generator_c/cmake)
-- Found rosidl_generator_cpp: 4.9.3 (/opt/ros/rolling/share/rosidl_generator_cpp/cmake)
-- Using all available rosidl_typesupport_c: rosidl_typesupport_fastrtps_c;rosidl_typesupport_introspection_c
-- Using all available rosidl_typesupport_cpp: rosidl_typesupport_fastrtps_cpp;rosidl_typesupport_introspection_cpp
-- Found rmw_implementation_cmake: 7.8.1 (/opt/ros/rolling/share/rmw_implementation_cmake/cmake)
-- Found rmw_fastrtps_cpp: 9.3.1 (/opt/ros/rolling/share/rmw_fastrtps_cpp/cmake)
-- Found OpenSSL: /usr/lib/x86_64-linux-gnu/libcrypto.so (found version "3.0.13")  
-- Using RMW implementation 'rmw_fastrtps_cpp' as default
-- Found pluginlib: 5.6.0 (/opt/ros/rolling/share/pluginlib/cmake)
-- Found ament_cmake_auto: 2.7.2 (/opt/ros/rolling/share/ament_cmake_auto/cmake)
-- Configuring done (2.1s)
-- Generating done (0.0s)
-- Build files have been written to: /home/nbf2/yb_ros_odrive/odrive_ros2_control/build/odrive_ros2_control
[ 25%] [32mBuilding CXX object CMakeFiles/odrive_ros2_control_plugin.dir/src/odrive_hardware_interface.cpp.o[0m
[ 50%] [32mBuilding CXX object CMakeFiles/odrive_ros2_control_plugin.dir/home/nbf2/yb_ros_odrive/odrive_base/src/epoll_event_loop.cpp.o[0m
[ 75%] [32mBuilding CXX object CMakeFiles/odrive_ros2_control_plugin.dir/home/nbf2/yb_ros_odrive/odrive_base/src/socket_can.cpp.o[0m
[100%] [32m[1mLinking CXX shared library libodrive_ros2_control_plugin.so[0m
[100%] Built target odrive_ros2_control_plugin
-- Install configuration: ""
-- Execute custom install script
-- Symlinking: /home/nbf2/yb_ros_odrive/odrive_ros2_control/install/odrive_ros2_control/share/odrive_ros2_control//odrive_hardware_interface.xml
-- Symlinking: /home/nbf2/yb_ros_odrive/odrive_ros2_control/install/odrive_ros2_control/lib/libodrive_ros2_control_plugin.so
-- Symlinking: /home/nbf2/yb_ros_odrive/odrive_ros2_control/install/odrive_ros2_control/share/ament_index/resource_index/package_run_dependencies/odrive_ros2_control
-- Symlinking: /home/nbf2/yb_ros_odrive/odrive_ros2_control/install/odrive_ros2_control/share/ament_index/resource_index/parent_prefix_path/odrive_ros2_control
-- Symlinking: /home/nbf2/yb_ros_odrive/odrive_ros2_control/install/odrive_ros2_control/share/odrive_ros2_control/environment/ament_prefix_path.sh
-- Symlinking: /home/nbf2/yb_ros_odrive/odrive_ros2_control/install/odrive_ros2_control/share/odrive_ros2_control/environment/ament_prefix_path.dsv
-- Symlinking: /home/nbf2/yb_ros_odrive/odrive_ros2_control/install/odrive_ros2_control/share/odrive_ros2_control/environment/path.sh
-- Symlinking: /home/nbf2/yb_ros_odrive/odrive_ros2_control/install/odrive_ros2_control/share/odrive_ros2_control/environment/path.dsv
-- Symlinking: /home/nbf2/yb_ros_odrive/odrive_ros2_control/install/odrive_ros2_control/share/odrive_ros2_control/local_setup.bash
-- Symlinking: /home/nbf2/yb_ros_odrive/odrive_ros2_control/install/odrive_ros2_control/share/odrive_ros2_control/local_setup.sh
-- Symlinking: /home/nbf2/yb_ros_odrive/odrive_ros2_control/install/odrive_ros2_control/share/odrive_ros2_control/local_setup.zsh
-- Symlinking: /home/nbf2/yb_ros_odrive/odrive_ros2_control/install/odrive_ros2_control/share/odrive_ros2_control/local_setup.dsv
-- Symlinking: /home/nbf2/yb_ros_odrive/odrive_ros2_control/install/odrive_ros2_control/share/odrive_ros2_control/package.dsv
-- Symlinking: /home/nbf2/yb_ros_odrive/odrive_ros2_control/install/odrive_ros2_control/share/ament_index/resource_index/packages/odrive_ros2_control
-- Symlinking: /home/nbf2/yb_ros_odrive/odrive_ros2_control/install/odrive_ros2_control/share/ament_index/resource_index/hardware_interface__pluginlib__plugin/odrive_ros2_control
-- Symlinking: /home/nbf2/yb_ros_odrive/odrive_ros2_control/install/odrive_ros2_control/share/odrive_ros2_control/cmake/ament_cmake_export_dependencies-extras.cmake
-- Symlinking: /home/nbf2/yb_ros_odrive/odrive_ros2_control/install/odrive_ros2_control/share/odrive_ros2_control/cmake/odrive_ros2_controlConfig.cmake
-- Symlinking: /home/nbf2/yb_ros_odrive/odrive_ros2_control/install/odrive_ros2_control/share/odrive_ros2_control/cmake/odrive_ros2_controlConfig-version.cmake
-- Symlinking: /home/nbf2/yb_ros_odrive/odrive_ros2_control/install/odrive_ros2_control/share/odrive_ros2_control/package.xml
